Line 1: syntax error near "static"
RETURN CODE: 1
