1 TK_PR_INT [int]
1 TK_IDENTIFICADOR [main]
1 TK_ESPECIAL [(]
1 TK_ESPECIAL [)]
1 TK_ESPECIAL [{]
2 TK_IDENTIFICADOR [printf]
2 TK_ESPECIAL [(]
2 TK_LIT_STRING ["teste\"dsada\ndsadsa"]
2 TK_ESPECIAL [)]
2 TK_ESPECIAL [;]
3 TK_PR_CHAR [char]
3 TK_ESPECIAL [*]
3 TK_IDENTIFICADOR [hello]
3 TK_ESPECIAL [=]
3 TK_LIT_STRING ["hello world!"]
3 TK_ESPECIAL [;]
4 TK_PR_INT [int]
4 TK_IDENTIFICADOR [_number]
4 TK_ESPECIAL [=]
4 TK_LIT_INT [5]
4 TK_ESPECIAL [;]
8 TK_PR_RETURN [return]
8 TK_LIT_INT [0]
8 TK_ESPECIAL [;]
9 TK_ESPECIAL [}]