1 TK_PR_INT [int]
1 TK_IDENTIFICADOR [main]
1 TK_ESPECIAL [(]
1 TK_ESPECIAL [)]
1 TK_ESPECIAL [{]
3 TK_PR_FLOAT [float]
3 TK_ESPECIAL [*]
3 TK_IDENTIFICADOR [a]
3 TK_ESPECIAL [=]
3 TK_ESPECIAL [(]
3 TK_PR_FLOAT [float]
3 TK_ESPECIAL [*]
3 TK_ESPECIAL [)]
3 TK_IDENTIFICADOR [malloc]
3 TK_ESPECIAL [(]
3 TK_IDENTIFICADOR [sizeof]
3 TK_ESPECIAL [(]
3 TK_PR_FLOAT [float]
3 TK_ESPECIAL [)]
3 TK_ESPECIAL [*]
3 TK_LIT_INT [10]
3 TK_ESPECIAL [)]
3 TK_ESPECIAL [;]
4 TOKEN_ERRO []