Line 4: syntax error near ""teste""
RETURN CODE: 1
