2 TK_PR_INT [int]
2 TK_IDENTIFICADOR [main]
2 TK_ESPECIAL [(]
2 TK_ESPECIAL [)]
2 TK_ESPECIAL [{]
3 TK_PR_CHAR [char]
3 TK_IDENTIFICADOR [a]
3 TK_ESPECIAL [=]
3 TK_LIT_CHAR ['\n']
3 TK_ESPECIAL [;]
5 TK_PR_STRING [string]
5 TK_IDENTIFICADOR [b]
5 TK_ESPECIAL [=]
5 TK_LIT_STRING ["\"o\ti\""]
5 TK_ESPECIAL [;]
6 TK_IDENTIFICADOR [b]
6 TK_ESPECIAL [+]
6 TK_ESPECIAL [=]
6 TK_IDENTIFICADOR [a]
6 TK_ESPECIAL [;]
8 TK_PR_RETURN [return]
8 TK_LIT_INT [0]
8 TK_ESPECIAL [;]
9 TK_ESPECIAL [}]