Line 6: syntax error near "static"
RETURN CODE: 1
