00000000 34
00001024 21
00001028 34
00001032 21
00001036 0
