2 TK_PR_STRING [string]
2 TK_IDENTIFICADOR [a]
2 TK_ESPECIAL [=]
2 TOKEN_ERRO ["]
2 TK_IDENTIFICADOR [oie]
3 TK_IDENTIFICADOR [teste]
3 TOKEN_ERRO ["]
3 TK_ESPECIAL [;]