Line 1: syntax error near "Marcador"
RETURN CODE: 1
