00000000 0
00000004 0
00000008 6
00001024 1
00001028 6
