1 TK_PR_INT [int]
1 TK_IDENTIFICADOR [main]
1 TK_ESPECIAL [(]
1 TK_ESPECIAL [)]
1 TK_ESPECIAL [{]
2 TK_IDENTIFICADOR [printf]
2 TK_ESPECIAL [(]
2 TK_LIT_STRING ["teste\"dsada\ndsadsa"]
2 TK_ESPECIAL [)]
2 TK_ESPECIAL [;]
3 TK_PR_CHAR [char]
3 TK_IDENTIFICADOR [hello]
3 TK_ESPECIAL [=]
3 TK_LIT_CHAR ['\n']
3 TK_ESPECIAL [;]
4 TK_PR_CHAR [char]
4 TK_IDENTIFICADOR [list_of_chars]
4 TK_ESPECIAL [[]
4 TK_LIT_INT [4]
4 TK_ESPECIAL []]
4 TK_ESPECIAL [=]
4 TK_ESPECIAL [[]
4 TK_LIT_CHAR ['a']
4 TK_ESPECIAL [,]
4 TK_LIT_CHAR ['\\']
4 TK_ESPECIAL [,]
4 TK_LIT_CHAR ['\n']
4 TK_ESPECIAL [,]
4 TK_LIT_CHAR ['\'']
4 TK_ESPECIAL []]
4 TK_ESPECIAL [;]
5 TK_PR_INT [int]
5 TK_IDENTIFICADOR [_number]
5 TK_ESPECIAL [=]
5 TK_LIT_INT [5]
5 TK_ESPECIAL [;]
6 TK_PR_RETURN [return]
6 TK_LIT_INT [0]
6 TK_ESPECIAL [;]
7 TK_ESPECIAL [}]