Line 4: syntax error near "static"
RETURN CODE: 1
