Line 1: syntax error near "marcador"
RETURN CODE: 1
